
> ecommerce-starter-v2@0.1.0 build
> prisma generate && next build

Environment variables loaded from .env
Prisma schema loaded from prisma/schema.prisma

✔ Generated Prisma Client (v6.19.0) to ./src/generated/prisma in 463ms

Start by importing your Prisma Client (See: https://pris.ly/d/importing-client)

Tip: Interested in query caching in just a few lines of code? Try Accelerate today! https://pris.ly/tip-3-accelerate

[baseline-browser-mapping] The data in this module is over two months old.  To ensure accurate Baseline data, please update: `npm i baseline-browser-mapping@latest -D`
▲ Next.js 16.1.3 (Turbopack)
- Environments: .env

⚠ The "middleware" file convention is deprecated. Please use "proxy" instead. Learn more: https://nextjs.org/docs/messages/middleware-to-proxy
  Creating an optimized production build ...
[baseline-browser-mapping] The data in this module is over two months old.  To ensure accurate Baseline data, please update: `npm i baseline-browser-mapping@latest -D`
Error: Cannot apply unknown utility class `vibe-button-primary`
    [2m[at onInvalidCandidate (/media/ssd/01_AgTechNest_Inc/10_R_and_D_General/ecommerce-starter-v2/node_modules/tailwindcss/dist/lib.js:21:1511)][0m
    [2m[at Te (/media/ssd/01_AgTechNest_Inc/10_R_and_D_General/ecommerce-starter-v2/node_modules/tailwindcss/dist/lib.js:16:36038)][0m
    [2m[at /media/ssd/01_AgTechNest_Inc/10_R_and_D_General/ecommerce-starter-v2/node_modules/tailwindcss/dist/lib.js:21:355][0m
    [2m[at Tr (/media/ssd/01_AgTechNest_Inc/10_R_and_D_General/ecommerce-starter-v2/node_modules/tailwindcss/dist/lib.js:3:1718)][0m
    [2m[at _ (/media/ssd/01_AgTechNest_Inc/10_R_and_D_General/ecommerce-starter-v2/node_modules/tailwindcss/dist/lib.js:3:1377)][0m
    [2m[at Se (/media/ssd/01_AgTechNest_Inc/10_R_and_D_General/ecommerce-starter-v2/node_modules/tailwindcss/dist/lib.js:21:172)][0m
    [2m[at ln (/media/ssd/01_AgTechNest_Inc/10_R_and_D_General/ecommerce-starter-v2/node_modules/tailwindcss/dist/lib.js:38:294)][0m
    [2m[at async sn (/media/ssd/01_AgTechNest_Inc/10_R_and_D_General/ecommerce-starter-v2/node_modules/tailwindcss/dist/lib.js:38:631)][0m
    [2m[at async Qr (/media/ssd/01_AgTechNest_Inc/10_R_and_D_General/ecommerce-starter-v2/node_modules/@tailwindcss/node/dist/index.js:10:3385)][0m
    [2m[at async I (/media/ssd/01_AgTechNest_Inc/10_R_and_D_General/ecommerce-starter-v2/node_modules/@tailwindcss/postcss/dist/index.js:10:3978)][0m

> Build error occurred
Error: Turbopack build failed with 1 errors:
./src/app/globals.css
Error evaluating Node.js code
CssSyntaxError: tailwindcss: /media/ssd/01_AgTechNest_Inc/10_R_and_D_General/ecommerce-starter-v2/src/app/globals.css:1:1: Cannot apply unknown utility class `vibe-button-primary`
    at Input.error (node_modules/postcss/lib/input.js:135:16) [/media/ssd/01_AgTechNest_Inc/10_R_and_D_General/ecommerce-starter-v2/.next/build/chunks/node_modules_fe693df6._.js:4651:22]
    at Root.error (node_modules/postcss/lib/node.js:146:32) [/media/ssd/01_AgTechNest_Inc/10_R_and_D_General/ecommerce-starter-v2/.next/build/chunks/node_modules_fe693df6._.js:928:38]
    [at Object.Once (/media/ssd/01_AgTechNest_Inc/10_R_and_D_General/ecommerce-starter-v2/node_modules/@tailwindcss/postcss/dist/index.js:10:6912)]
    at async LazyResult.runAsync (node_modules/postcss/lib/lazy-result.js:293:11) [/media/ssd/01_AgTechNest_Inc/10_R_and_D_General/ecommerce-starter-v2/.next/build/chunks/node_modules_fe693df6._.js:6206:21]
    at async transform (turbopack:///[turbopack-node]/transforms/postcss.ts:70:34) [/media/ssd/01_AgTechNest_Inc/10_R_and_D_General/ecommerce-starter-v2/.next/build/chunks/[root-of-the-server]__51225daf._.js:146:36]
    at async run (turbopack:///[turbopack-node]/ipc/evaluate.ts:92:23) [/media/ssd/01_AgTechNest_Inc/10_R_and_D_General/ecommerce-starter-v2/.next/build/chunks/[root-of-the-server]__974941ed._.js:443:31]

Import traces:
  Client Component Browser:
    ./src/app/globals.css [Client Component Browser]
    ./src/app/[locale]/layout.tsx [Server Component]

  App Route:
    ./src/app/globals.css
    ./src/generated/prisma/index.js
    ./src/app/api/admin/orders/[id]/status/route.ts


    at async transform (turbopack:///[turbopack-node]/transforms/postcss.ts:70:34) [/media/ssd/01_AgTechNest_Inc/10_R_and_D_General/ecommerce-starter-v2/.next/build/chunks/[root-of-the-server]__51225daf._.js:146:36])
    at async run (turbopack:///[turbopack-node]/ipc/evaluate.ts:92:23) [/media/ssd/01_AgTechNest_Inc/10_R_and_D_General/ecommerce-starter-v2/.next/build/chunks/[root-of-the-server]__974941ed._.js:443:31])
